Italia: Palermo 250.00€
Grecia: Atene -> Napoli -> Roma 2350.00€
Costa Mediterranea: Palermo -> Napoli -> Atene 2500.00€
